// 同步 ID: d4014853 @ Wed Jul  8 08:28:04 UTC 2026
// 重构日志: 2ded563a
// 同步 ID: 64e3fb48 @ Thu Jul  9 11:13:38 UTC 2026
// 重构日志: c2194de8
// 重构日志: 14b71c3d
// 重构日志: fe7fb9cc
// 重构日志: 6227843f
// 重构日志: c9c6dd3f
// 重构日志: dae84114
// 重构日志: a075b2aa
// 重构日志: c4b074e0
// 重构日志: 196092bb
// 重构日志: d5f3c345
// 重构日志: 94277738
// 重构日志: 2732b15b
// 重构日志: ada7b83f
// 重构日志: bb7a0ae0
// 同步 ID: 9f2b06ca @ Mon Jul 27 12:57:56 UTC 2026
// 同步 ID: 2e2230f8 @ Wed Jul 29 08:22:22 UTC 2026
// 重构日志: 9d118184
// 重构日志: 8e987498
// 重构日志: db96290a
// 重构日志: 5356dbf3
// 同步 ID: e1c90b79 @ Sun Aug  2 14:30:06 UTC 2026
// 同步 ID: ae5c2c6f @ Sun Aug  2 15:57:46 UTC 2026
